CCS PCH C Compiler, Version 5.101, 43599               21-Sep-23 13:18

               Filename:   D:\TTVXL\TUAN5_LED7DOAN\401.lst

               ROM used:   340 bytes (1%)
                           Largest free fragment is 32428
               RAM used:   19 (1%) at main() level
                           25 (1%) worst case
               Stack used: 0 locations
               Stack size: 31

*
0000:  GOTO   0100
.................... #include <D:\TTVXL_TH\tv_pickit2_shift_1.c>
.................... #ifndef    __tv_pickit2_shift_1_c__
.................... #define    __tv_pickit2_shift_1_c__
.................... #include<tv_pickit2_shift_1.h>
.................... #ifndef    __TV_PICKIT2_SHIFT_1_H__
.................... #define    __TV_PICKIT2_SHIFT_1_H__
.................... 
.................... #include    <18f4550.h>
.................... //////////// Standard Header file for the PIC18F4550 device ////////////////
.................... ///////////////////////////////////////////////////////////////////////////
.................... ////        (C) Copyright 1996, 2020 Custom Computer Services          ////
.................... //// This source code may only be used by licensed users of the CCS C  ////
.................... //// compiler.  This source code may only be distributed to other      ////
.................... //// licensed users of the CCS C compiler.  No other use, reproduction ////
.................... //// or distribution is permitted without written permission.          ////
.................... //// Derivative programs created using this software in object code    ////
.................... //// form are not restricted in any way.                               ////
.................... ///////////////////////////////////////////////////////////////////////////
.................... #device PIC18F4550
.................... 
.................... #list
.................... 
.................... #device     adc=10
.................... #fuses      nowdt,put,hs,noprotect,nolvp,cpudiv1
.................... #use        delay(clock=20000000)
.................... //#use        i2c(master,slow,sda=pin_b0,scl=pin_b1)
.................... #use        rs232(baud=9600, xmit=pin_c6,rcv=pin_c7)
.................... //nut nhan:
.................... #define  bt0     pin_b5
.................... #define  bt1     pin_b4
.................... #define  bt2     pin_b3
.................... #define  bt3     pin_b2
.................... 
.................... #define  on      bt0       //dk led don, motor
.................... #define  off     bt1
.................... #define  inv     bt2
.................... 
.................... #define  up      bt0    //dk led don
.................... #define  dw      bt1
.................... #define  clr     bt2
.................... #define  mod     bt3
.................... 
.................... #define  stop    bt3
.................... 
.................... #define  on1     bt0     
.................... #define  off1    bt1
.................... #define  on2     bt2       
.................... #define  off2    bt3
.................... 
.................... 
.................... //xxxxxxxxxxxxxxxxxxxxxxxxxxxxxxxxxxxxxxxxxxxxxxxxx
.................... //xxxxxxxxxxxxxxxxxxxxxxxxxxxxxxxxxxxxxxxxxxxxxxxxx
.................... #define      ssdo             pin_e2         //chung tat ca
.................... #define      ssck             pin_e0         //chung tat ca
.................... #define      g_all            pin_d0         //a - 4 byte
.................... #define      rck_lcd20x4      pin_d2         //a - 2 byte dao
.................... #define      rck_buzerelay    pin_d3     //b - 1 byte 
.................... #define      rck_32led        pin_d4         //a - 4 byte
.................... #define      rck_8ledquet     pin_d5         //b - 2 byte dao
.................... #define      rck_4led7doan    pin_d6         //a - 4 byte
.................... #define      rck_matranled    pin_d7         //b - 3 byte dao
.................... //xxxxxxxxxxxxxxxxxxxxxxxxxxxxxxxxxxxxxxxxxxxx
.................... //khai bao du lieu 16 bit cho module relay, triac, buzzer, dong co
.................... //xxxxxxxxxxxxxxxxxxxxxxxxxxxxxxxxxxxxxxxxxxxx
.................... unsigned int16 rbdc;
.................... #bit step_motor_enable  = rbdc.0    //1=ena,0=dis
.................... #bit step_motor_in1     = rbdc.1    
.................... #bit step_motor_in2     = rbdc.2
.................... #bit step_motor_in3     = rbdc.3
.................... #bit step_motor_in4     = rbdc.4
.................... #bit dc_enable          = rbdc.5    //1=ena,0=dis
.................... #bit pwrkey             = rbdc.6    //khoi tao sim900
.................... #bit buzzer             = rbdc.8    //1=on,0=off
.................... #bit triac_1            = rbdc.9    //1=on,0=off
.................... #bit triac_2            = rbdc.10   //1=on,0=off
.................... #bit relay_1            = rbdc.11   //0=on,1=off
.................... #bit relay_2            = rbdc.12   //0=on,1=off
.................... //xxxxxxxxxxxxxxxxxxxxxxxxxxxxxxxxxxxxxxxxxxxx   
.................... const unsigned char ma7doan[16]= {0xc0,0xf9,0xa4,0xb0,0x99,0x92,0x82,0xf8,
.................... 0x80,0x90,0x88, 0x83, 0xc6, 0xa1, 0x86, 0x8e};
.................... #define     maso0    0xc0
.................... #define     maso1    0xf9
.................... #define     maso2    0xa4
.................... #define     maso3    0xb0
.................... #define     maso4    0x99
.................... #define     maso5    0x92
.................... #define     maso6    0x82
.................... #define     maso7    0xf8
.................... #endif
.................... 
.................... //xxxxxxxxxxxxxxxxxxxxxxxxxxxxxxxxxxxxxxxxxxxx 
.................... //ham 102 xuat 1 byte ra thanh ghi dich
.................... //xxxxxxxxxxxxxxxxxxxxxxxxxxxxxxxxxxxxxxxxxxxx    
.................... void xuat_1byte(unsigned int8 x)
.................... {
....................    unsigned int8 sb;   
....................    #bit bseri  = x.7
....................    for(sb=0;sb<8;sb++)
0004:  CLRF   18
0006:  MOVF   18,W
0008:  SUBLW  07
000A:  BTFSS  FD8.0
000C:  GOTO   0032
....................       {                                                 
....................          output_bit(ssdo,bseri);    
0010:  BTFSC  17.7
0012:  GOTO   001C
0016:  BCF    F8D.2
0018:  GOTO   001E
001C:  BSF    F8D.2
001E:  BCF    F96.2
....................          output_low(ssck); output_high(ssck);
0020:  BCF    F96.0
0022:  BCF    F8D.0
0024:  BCF    F96.0
0026:  BSF    F8D.0
....................          x= x<<1;         
0028:  BCF    FD8.0
002A:  RLCF   17,F
002C:  INCF   18,F
002E:  GOTO   0006
....................      }
0032:  RETURN 0
.................... }
.................... //xxxxxxxxxxxxxxxxxxxxxxxxxxxxxxxxxxxxxxxxxxxx 
.................... //ham 301
.................... //xxxxxxxxxxxxxxxxxxxxxxxxxxxxxxxxxxxxxxxxxxxx
.................... //chuong trinh con xuat 4 byte ra 32 led don
.................... //xxxxxxxxxxxxxxxxxxxxxxxxxxxxxxxxxxxxxxxxxxxx
.................... void xuat_32led_don_4byte(unsigned int8 bld3,bld2,bld1,bld0)
.................... {     
....................       xuat_1byte(bld3);          
....................       xuat_1byte(bld2);
....................       xuat_1byte(bld1);          
....................       xuat_1byte(bld0);                              
....................       output_high(rck_32led);    
....................       output_low(rck_32led);
....................     
.................... }
.................... //ham 302
.................... //xxxxxxxxxxxxxxxxxxxxxxxxxxxxxxxxxxxxxxxxxxxx
.................... //chuong trinh con xuat 2 word 16 bitra 32 led don
.................... //xxxxxxxxxxxxxxxxxxxxxxxxxxxxxxxxxxxxxxxxxxxx
.................... void xuat_32led_don_2word(unsigned int16 wld1, unsigned int16 wld0)
.................... {     
....................      unsigned int8  b3,b2,b1,b0;
....................      b3 = wld1>>8;  b2 = wld1; 
....................      b1 = wld0>>8;  b0 = wld0;
....................      xuat_32led_don_4byte(b3,b2,b1,b0);
.................... }
.................... //ham 303
.................... //xxxxxxxxxxxxxxxxxxxxxxxxxxxxxxxxxxxxxxxxxxxx
.................... //chuong trinh con xuat 1 double word ra 32 led don
.................... //xxxxxxxxxxxxxxxxxxxxxxxxxxxxxxxxxxxxxxxxxxxx
.................... void xuat_32led_don_1dw(unsigned long long dwld)
.................... {     
....................      unsigned int16  wd1,wd0;
....................      wd1 = dwld>>16;  wd0 = dwld;
....................      xuat_32led_don_2word(wd1,wd0);
.................... }
.................... 
.................... //xxxxxxxxxxxxxxxxxxxxxxxxxxxxxxxxxxxxxxxxxxxx    
.................... //xuat 1 bit roi tra lai ket qua sau khi dich di 1 bit
.................... //xxxxxxxxxxxxxxxxxxxxxxxxxxxxxxxxxxxxxxxxxxxx    
.................... unsigned  int8 xuat_1bit(unsigned int8 bytexuat)
.................... {
....................       unsigned int8   xbitx;   
....................       #bit bserix  = xbitx.0
....................       xbitx = bytexuat;
....................                                             
....................       output_bit(ssdo,bserix);    
....................       output_low(ssck); output_high(ssck);
....................       xbitx= xbitx>>1;   
....................       return(xbitx);  
.................... }
.................... //xxxxxxxxxxxxxxxxxxxxxxxxxxxxxxxxxxxxxxxxxxxxxxxxxxxxxxxx    
.................... //ham 103: xuat 1 word ra thanh ghi dich
.................... //xxxxxxxxxxxxxxxxxxxxxxxxxxxxxxxxxxxxxxxxxxxxxxxxxxxxxxxx    
.................... void xuat_1word(unsigned int16 w)
.................... {  
....................    unsigned int8 b1,b0;
....................    b1 = w>>8; b0 = w;
0034:  MOVFF  14,15
0038:  MOVFF  13,16
....................    xuat_1byte(b1);    
003C:  MOVFF  15,17
0040:  RCALL  0004
....................    xuat_1byte(b0);
0042:  MOVFF  16,17
0046:  RCALL  0004
0048:  RETURN 0
.................... }   
.................... //xxxxxxxxxxxxxxxxxxxxxxxxxxxxxxxxxxxxxxxxxxxxxxxxxxxxxxxx     
.................... //ham 104: xoa cac module 
.................... //xxxxxxxxxxxxxxxxxxxxxxxxxxxxxxxxxxxxxxxxxxxxxxxxxxxxxxxx  
.................... void xoa_tat_6module()                          
.................... {                                                                                              
....................    xuat_1word(0);                             
004A:  CLRF   14
004C:  CLRF   13
004E:  RCALL  0034
....................    xuat_1word(0); 
0050:  CLRF   14
0052:  CLRF   13
0054:  RCALL  0034
....................    xuat_1word(0);                             
0056:  CLRF   14
0058:  CLRF   13
005A:  RCALL  0034
....................    xuat_1word(0);                                    
005C:  CLRF   14
005E:  CLRF   13
0060:  RCALL  0034
....................    
....................    output_high(rck_buzerelay);   
0062:  BCF    F95.3
0064:  BSF    F8C.3
....................    output_low(rck_buzerelay);
0066:  BCF    F95.3
0068:  BCF    F8C.3
....................    
....................    output_high(rck_32led);
006A:  BCF    F95.4
006C:  BSF    F8C.4
....................    output_low(rck_32led); 
006E:  BCF    F95.4
0070:  BCF    F8C.4
....................    
....................    output_high(rck_8ledquet);   
0072:  BCF    F95.5
0074:  BSF    F8C.5
....................    output_low(rck_8ledquet);   
0076:  BCF    F95.5
0078:  BCF    F8C.5
....................                                  
....................    output_high(rck_matranled);          
007A:  BCF    F95.7
007C:  BSF    F8C.7
....................    output_low(rck_matranled);   
007E:  BCF    F95.7
0080:  BCF    F8C.7
....................                            
....................    output_high(rck_lcd20x4);   
0082:  BCF    F95.2
0084:  BSF    F8C.2
....................    output_low(rck_lcd20x4);      
0086:  BCF    F95.2
0088:  BCF    F8C.2
....................                                                                           
....................    xuat_1word(0xffff); 
008A:  SETF   14
008C:  SETF   13
008E:  RCALL  0034
....................    xuat_1word(0xffff); 
0090:  SETF   14
0092:  SETF   13
0094:  RCALL  0034
....................    output_high(rck_4led7doan);       
0096:  BCF    F95.6
0098:  BSF    F8C.6
....................    output_low(rck_4led7doan);                                                                      
009A:  BCF    F95.6
009C:  BCF    F8C.6
009E:  GOTO   00BA (RETURN)
.................... }             
.................... //xxxxxxxxxxxxxxxxxxxxxxxxxxxxxxxxxxxxxxxxxxxx 
.................... //ham 101
.................... //xxxxxxxxxxxxxxxxxxxxxxxxxxxxxxxxxxxxxxxxxxxx    
.................... //ham khoi tao cac port va ic chot
.................... //xxxxxxxxxxxxxxxxxxxxxxxxxxxxxxxxxxxxxxxxxxxx    
.................... void set_up_port_ic_chot()
.................... {     
....................    set_tris_a(0xff);    set_tris_b(0x3c);                                                   
00A2:  MOVLW  FF
00A4:  MOVWF  F92
00A6:  MOVLW  3C
00A8:  MOVWF  F93
....................    set_tris_c(0xf1);    set_tris_e(0x00);                                               
00AA:  MOVLW  F1
00AC:  MOVWF  F94
00AE:  MOVLW  00
00B0:  MOVWF  F96
....................    set_tris_d(0x00);    
00B2:  MOVWF  F95
....................    output_d(0x00); 
00B4:  CLRF   F95
00B6:  CLRF   F8C
....................    xoa_tat_6module();
00B8:  BRA    004A
....................    port_b_pullups(0xff);          
00BA:  BCF    FF1.7
....................    rbdc=0;               
00BC:  CLRF   05
00BE:  CLRF   04
....................             
....................    setup_adc(adc_clock_div_32);        
00C0:  MOVF   FC0,W
00C2:  ANDLW  C0
00C4:  IORLW  02
00C6:  MOVWF  FC0
00C8:  BSF    FC0.7
00CA:  BSF    FC2.0
....................    setup_adc_ports(an0_to_an2|vss_vdd); 
00CC:  MOVF   FC1,W
00CE:  ANDLW  C0
00D0:  IORLW  0C
00D2:  MOVWF  FC1
....................    output_low(g_all);        
00D4:  BCF    F95.0
00D6:  BCF    F8C.0
00D8:  GOTO   013E (RETURN)
.................... }
.................... //ham 104
.................... 
.................... //xxxxxxxxxxxxxxxxxxxxxxxxxxxxxxxxxxxxxxxxxxxx
.................... //chuong trinh con xuat 4 byte ra 4 led 7 doan
.................... //xxxxxxxxxxxxxxxxxxxxxxxxxxxxxxxxxxxxxxxxxxxx
.................... void xuat_4led_7doan_4so(unsigned int bl743,bl742,bl741,bl740)
.................... {     
....................       xuat_1byte(bl740);   xuat_1byte(bl741);
00DC:  MOVFF  16,17
00E0:  RCALL  0004
00E2:  MOVFF  15,17
00E6:  RCALL  0004
....................       xuat_1byte(bl742);   xuat_1byte(bl743);       
00E8:  MOVFF  14,17
00EC:  RCALL  0004
00EE:  MOVFF  13,17
00F2:  RCALL  0004
....................       output_low(rck_4led7doan);   
00F4:  BCF    F95.6
00F6:  BCF    F8C.6
....................       output_high(rck_4led7doan);
00F8:  BCF    F95.6
00FA:  BSF    F8C.6
00FC:  GOTO   0150 (RETURN)
.................... 
.................... }
.................... //ham 404
.................... void xuat_4led_7doan_3so(unsigned int bl742,bl741,bl740)
.................... {     
....................      xuat_4led_7doan_4so(0xff,bl742,bl741,bl740);
.................... }
.................... //ham 403
.................... void xuat_4led_7doan_2so(unsigned int bl741,bl740)
.................... {     
....................      xuat_4led_7doan_4so(0xff,0xff,bl741,bl740);
.................... }
.................... //ham 402
.................... void xuat_4led_7doan_1so(unsigned int bl740)
.................... {     
....................      xuat_4led_7doan_4so(0xff,0xff,0xff,bl740);
.................... }
.................... 
.................... //ham 405
.................... //xxxxxxxxxxxxxxxxxxxxxxxxxxxxxxxxxxxxxxxxxxxxxxxxxxxxxxxxxxxxx
.................... //chuong trinh con hien thi du lieu 16 bit tren 4 led 7 doan
.................... //xxxxxxxxxxxxxxxxxxxxxxxxxxxxxxxxxxxxxxxxxxxxxxxxxxxxxxxxxxxxx
.................... void  xuat_4led_7doan_giaima_xoa_so0 (unsigned int16 tam)
.................... {         
....................       unsigned int8 ht[4]={0xff,0xff,0xff,0xff},i=0;
....................       do
....................       {
....................           ht[i]= ma7doan[tam%10];
....................           tam/=10;i++;
....................       }
....................       while(tam);
....................       xuat_4led_7doan_4so(ht[3],ht[2],ht[1],ht[0]);
.................... }
.................... 
.................... void  xuat_4led_7doan_2_so (unsigned int8 bh,bl)
.................... {         
....................  xuat_4led_7doan_4so(ma7doan[bh/10],ma7doan[bh%10],ma7doan[bl/10],ma7doan[bl%10]);   
.................... }
.................... 
.................... unsigned int8 lcddata=0; 
.................... unsigned int8 lcdcontrol=0;
.................... unsigned int8 glcddata=0;
.................... unsigned int8 glcdcontrol=0; 
.................... //ham 701
.................... //xxxxxxxxxxxxxxxxxxxxxxxxxxxxxxxxxxxxxxxxxxxxxxxxxxxxxxxxxxxxx
.................... //chuong trinh con xuat du lieu 4 byte ra glcd va lcd
.................... //xxxxxxxxxxxxxxxxxxxxxxxxxxxxxxxxxxxxxxxxxxxxxxxxxxxxxxxxxxxxx
.................... void xuat_glcd_lcd()
.................... {      
....................     xuat_1byte(glcdcontrol);             
....................     xuat_1byte(glcddata);
....................     xuat_1byte(lcdcontrol);       
....................     xuat_1byte(lcddata);      
....................          
....................     output_high(rck_lcd20x4);     
....................     output_low(rck_lcd20x4);
.................... }
.................... //ham 702
.................... void xuat_lcd20x4(unsigned int8 lcd_signal,lcd_ins_hthi)
.................... {     
....................     lcdcontrol = ~lcd_signal;
....................     lcddata    = ~lcd_ins_hthi;      
....................     xuat_glcd_lcd();
.................... }
.................... //ham 703
.................... void xuat_glcd128x64(unsigned int8 glcd_signal,glcd_ins_hthi)
.................... {     
....................     glcdcontrol = ~glcd_signal;
....................     glcddata    = ~glcd_ins_hthi;     
....................     xuat_glcd_lcd();
.................... }
.................... //ham 501
.................... //xxxxxxxxxxxxxxxxxxxxxxxxxxxxxxxxxxxxxxxxxxxx
.................... //chuong trinh con xuat 2 byte ra dk 1 led quet sang
.................... //xxxxxxxxxxxxxxxxxxxxxxxxxxxxxxxxxxxxxxxxxxxx
.................... void xuat_8led_7doan_quet_1(unsigned int ma,so_hthi)
.................... {     
....................       xuat_1byte(~ma);   
....................       xuat_1byte(~so_hthi);
....................       output_high(rck_8ledquet); 
....................       output_low(rck_8ledquet);
.................... }
.................... //ham 502
.................... //xxxxxxxxxxxxxxxxxxxxxxxxxxxxxxxxxxxxxxxxxxxx
.................... //chuong trinh con xuat 2 byte ra tat 8 led quet
.................... //xxxxxxxxxxxxxxxxxxxxxxxxxxxxxxxxxxxxxxxxxxxx
.................... void xuat_8led_7doan_quet_tat_led()
.................... {
....................    xuat_8led_7doan_quet_1(0xff,0xff);
.................... }
.................... //ham 503
.................... //xxxxxxxxxxxxxxxxxxxxxxxxxxxxxxxxxxxxxxxxxxxx
.................... //chuong trinh con hien thi led theo thu tu
.................... //xxxxxxxxxxxxxxxxxxxxxxxxxxxxxxxxxxxxxxxxxxxx
.................... const unsigned char ttledquet[8]= {0x7f,0xbf,0xdf,0xef,0xf7,0xfb,0xfd,0xfe};
.................... void xuat_8led_7doan_quet_2(unsigned int thutuled,so_hthi)
.................... {         
....................       xuat_1byte(~ (ttledquet[thutuled]));   
....................       xuat_1byte(~so_hthi);     
....................       output_high(rck_8ledquet); 
....................       output_low(rck_8ledquet);
.................... }
.................... //ham 504
.................... //xxxxxxxxxxxxxxxxxxxxxxxxxxxxxxxxxxxxxxxxxxxx
.................... //chuong trinh con hien thi 8 so tren 8 led quet - co kiem tra
.................... //xxxxxxxxxxxxxxxxxxxxxxxxxxxxxxxxxxxxxxxxxxxx
.................... unsigned char led_7dq[8]={0xff,0xff,0xff,0xff,0xff,0xff,0xff,0xff};
.................... unsigned int8 tt8led=0;
.................... void hien_thi_8led_7doan_quet()
.................... {     
....................       for(tt8led=0;tt8led<8;tt8led++)
....................          if (led_7dq[tt8led]!=0xff)
....................          {           
....................             xuat_8led_7doan_quet_2(tt8led, led_7dq[tt8led]);
....................             delay_us(100);
....................             xuat_8led_7doan_quet_tat_led();           
....................             }
.................... }
.................... //ham 505
.................... //xxxxxxxxxxxxxxxxxxxxxxxxxxxxxxxxxxxxxxxxxxxx
.................... //chuong trinh con hien thi 8 so tren 8 led quet - khong kiem tra
.................... //xxxxxxxxxxxxxxxxxxxxxxxxxxxxxxxxxxxxxxxxxxxx
.................... void hien_thi_8led_7doan_quet_all()
.................... {     
....................       for(tt8led=0;tt8led<8;tt8led++)         
....................          {           
....................             xuat_8led_7doan_quet_2(tt8led, led_7dq[tt8led]);
....................             delay_us(100);
....................             xuat_8led_7doan_quet_tat_led();           
....................             }
.................... }
.................... 
.................... void delay_quet_8led(unsigned int16 dl)
.................... { 
....................       unsigned int8 i;
....................       for (i=0; i<dl;i++)
....................       hien_thi_8led_7doan_quet_all();
.................... } 
.................... 
.................... void giai_ma_gan_cho_8led_quet_16_xoa(unsigned int16 x)
.................... {     
....................       led_7dq[0]= ma7doan [x %10];    
....................       led_7dq[1]= ma7doan [x/10%10];
....................       led_7dq[2]= ma7doan [x/100%10];    
....................       led_7dq[3]= ma7doan [x/1000%10];
....................       led_7dq[4]= ma7doan [x/10000%10];
....................       if (led_7dq[4]==maso0) 
....................       {
....................             led_7dq[4]=0xff;
....................             if (led_7dq[3]==maso0) 
....................             {
....................                led_7dq[3]=0xff;
....................                if (led_7dq[2]==maso0) 
....................                {
....................                   led_7dq[2]=0xff;
....................                   if (led_7dq[1]==maso0) 
....................                   {
....................                      led_7dq[1]=0xff;
....................                   }
....................                }
....................             }
....................       }
....................             
.................... }
.................... 
.................... 
.................... //xxxxxxxxxxxxxxxxxxxxxxxxxxxxxxxxxxxxxxxxxxxx         
.................... void xuat_2byte(unsigned int16 x)
.................... {
....................    int8 sbb;
....................    #bit bserix  = x.15
....................    for (sbb=0;sbb<16;sbb++)
....................       {                                                 
....................          output_bit(ssdo,bserix);    
....................          output_low(ssck);         
....................          output_high(ssck);
....................          x= x<<1;         
....................      }
.................... }
.................... //xxxxxxxxxxxxxxxxxxxxxxxxxxxxxxxxxxxxxxxxxxxx
.................... //chuong trinh con xuat ra led ma tran
.................... //xxxxxxxxxxxxxxxxxxxxxxxxxxxxxxxxxxxxxxxxxxxx
.................... void xuat_matranled(unsigned int16 mahang,unsigned int16 macot1,
.................... unsigned int16 macot2,unsigned int16 macot3)
.................... {      
....................       xuat_2byte(macot3);
....................       xuat_2byte(macot2);
....................       xuat_2byte(macot1);
....................       xuat_2byte(mahang);     
.................... 
....................       output_high(rck_matranled); 
....................       output_low(rck_matranled);
.................... }
.................... //xxxxxxxxxxxxxxxxxxxxxxxxxxxxxxxxxxxxxxxxxxxx
.................... //chuong trinh con xuat ra led ma tran
.................... //xxxxxxxxxxxxxxxxxxxxxxxxxxxxxxxxxxxxxxxxxxxx
.................... void tat_matranled()
.................... {      
....................       xuat_2byte(0);
....................       xuat_2byte(0);
....................       xuat_2byte(0);
....................       xuat_2byte(0);           
....................       output_high(rck_matranled); output_low(rck_matranled); 
.................... }
.................... unsigned  int8 hieu_chinh_4bit_cao(unsigned int8 xzy)
.................... {
....................       int1  btg;
....................       unsigned int8   bx;   
....................       #bit bit4  = bx.4
....................       #bit bit5  = bx.5
....................       #bit bit6  = bx.6
....................       #bit bit7  = bx.7
....................       bx=xzy;
....................       btg=bit4;   bit4=bit7;  bit7=btg;
....................       btg=bit5;   bit5=bit6;  bit6=btg;      
....................       return(bx);  
.................... }
.................... //ham 601
.................... //xxxxxxxxxxxxxxxxxxxxxxxxxxxxxxxxxxxxxxxxxxxxxxxxxxxx
.................... //module dieu khien relay,triac, buzzer, dong co, sim
.................... //xxxxxxxxxxxxxxxxxxxxxxxxxxxxxxxxxxxxxxxxxxxxxxxxxxxx
.................... void xuat_buzzer_relay()
.................... {     
....................    unsigned int8 rbdc1,rbdc2;
....................       rbdc1=rbdc; rbdc2=rbdc>>8;      
....................       xuat_1byte(rbdc2);      
....................       xuat_1byte(rbdc1);
....................       
....................       output_high(rck_buzerelay);   
....................       output_low(rck_buzerelay);
.................... }
.................... //ham 602
.................... //xxxxxxxxxxxxxxxxxxxxxxxxxxxxxxxxxxxxxxxxxxxxxxxxxxxx
.................... void buzzer_on()
.................... {    
....................       buzzer=1;
....................       xuat_buzzer_relay();         
.................... }
.................... //ham 603
.................... //xxxxxxxxxxxxxxxxxxxxxxxxxxxxxxxxxxxxxxxxxxxxxxxxxxxx
.................... void buzzer_off()
.................... {     
....................       buzzer=0;
....................       xuat_buzzer_relay();
.................... }
.................... //ham 604
.................... //xxxxxxxxxxxxxxxxxxxxxxxxxxxxxxxxxxxxxxxxxxxxxxxxxxxx
.................... void relay_1_on()
.................... {    
....................       relay_1=1;
....................       xuat_buzzer_relay();         
.................... }
.................... //ham 603
.................... //xxxxxxxxxxxxxxxxxxxxxxxxxxxxxxxxxxxxxxxxxxxxxxxxxxxx
.................... void relay_1_off()
.................... {    
....................       relay_1=0;
....................       xuat_buzzer_relay();         
.................... }
.................... //ham 604
.................... //xxxxxxxxxxxxxxxxxxxxxxxxxxxxxxxxxxxxxxxxxxxxxxxxxxxx
.................... void relay_2_on()
.................... {    
....................       relay_2=1;
....................       xuat_buzzer_relay();         
.................... }
.................... //ham 607
.................... //xxxxxxxxxxxxxxxxxxxxxxxxxxxxxxxxxxxxxxxxxxxxxxxxxxxx
.................... void relay_2_off()
.................... {    
....................       relay_2=0;
....................       xuat_buzzer_relay();         
.................... }
.................... //ham 608
.................... //xxxxxxxxxxxxxxxxxxxxxxxxxxxxxxxxxxxxxxxxxxxxxxxxxxxx
.................... void relay_1_relay_2_on()
.................... {    
....................       relay_1=1;  relay_2=1;
....................       xuat_buzzer_relay();         
.................... }
.................... //ham 609
.................... //xxxxxxxxxxxxxxxxxxxxxxxxxxxxxxxxxxxxxxxxxxxxxxxxxxxx
.................... void relay_1_relay_2_off()
.................... {    
....................       relay_1=0;  relay_2=0;
....................       xuat_buzzer_relay();         
.................... }
.................... //ham 610
.................... //xxxxxxxxxxxxxxxxxxxxxxxxxxxxxxxxxxxxxxxxxxxxxxxxxxxx
.................... void triac_1_on()
.................... {    
....................       triac_1=1;
....................       xuat_buzzer_relay();         
.................... }
.................... //ham 611
.................... //xxxxxxxxxxxxxxxxxxxxxxxxxxxxxxxxxxxxxxxxxxxxxxxxxxxx
.................... void triac_1_off()
.................... {    
....................       triac_1=0;
....................       xuat_buzzer_relay();         
.................... }
.................... //ham 612
.................... //xxxxxxxxxxxxxxxxxxxxxxxxxxxxxxxxxxxxxxxxxxxxxxxxxxxx
.................... void triac_2_on()
.................... {    
....................       triac_2=1;
....................       xuat_buzzer_relay();         
.................... }
.................... //ham 613
.................... //xxxxxxxxxxxxxxxxxxxxxxxxxxxxxxxxxxxxxxxxxxxxxxxxxxxx
.................... void triac_2_off()
.................... {    
....................       triac_2=0;
....................       xuat_buzzer_relay();         
.................... }
.................... //xxxxxxxxxxxxxxxxxxxxxxxxxxxxxxxxxxxxxxxxxxxx
.................... 
.................... void ggmmaa()
.................... {
....................    unsigned int8   x;   
....................    x=ma7doan[1];
.................... }
.................... #endif
....................  
.................... 
.................... void main()
0100:  CLRF   FF8
0102:  BCF    FD0.7
0104:  BSF    FB8.3
0106:  MOVLW  08
0108:  MOVWF  FAF
010A:  MOVLW  02
010C:  MOVWF  FB0
010E:  MOVLW  A6
0110:  MOVWF  FAC
0112:  MOVLW  90
0114:  MOVWF  FAB
0116:  CLRF   06
0118:  CLRF   07
011A:  CLRF   08
011C:  CLRF   09
011E:  CLRF   12
0120:  MOVF   FC1,W
0122:  ANDLW  C0
0124:  IORLW  0F
0126:  MOVWF  FC1
0128:  MOVLW  07
012A:  MOVWF  FB4
012C:  SETF   0A
012E:  SETF   0B
0130:  SETF   0C
0132:  SETF   0D
0134:  SETF   0E
0136:  SETF   0F
0138:  SETF   10
013A:  SETF   11
.................... { 
....................  set_up_port_ic_chot();
013C:  BRA    00A2
....................  xuat_4led_7doan_4so(0xb0, 0xa4, 0xf9, 0xc0);
013E:  MOVLW  B0
0140:  MOVWF  13
0142:  MOVLW  A4
0144:  MOVWF  14
0146:  MOVLW  F9
0148:  MOVWF  15
014A:  MOVLW  C0
014C:  MOVWF  16
014E:  BRA    00DC
....................  while(true);
0150:  BRA    0150
.................... }
0152:  SLEEP 

Configuration Fuses:
   Word  1: CC27   PLL12 CPUDIV1 USBDIV HS FCMEN IESO
   Word  2: 1E3E   PUT BROWNOUT BORV21 VREGEN NOWDT WDT32768
   Word  3: 8700   CCP2C1 PBADEN LPT1OSC MCLR
   Word  4: 00A1   STVREN NOLVP ICSP2 NOXINST NODEBUG
   Word  5: C00F   NOPROTECT NOCPB NOCPD
   Word  6: E00F   NOWRT NOWRTC NOWRTB NOWRTD
   Word  7: 400F   NOEBTR NOEBTRB
